23:21:44 **** Incremental Build of configuration Debug for project hardest_game ****
make all 
Building file: ../src/HardestGame/config.c
Invoking: MicroBlaze gcc compiler
mb-gcc -Wall -O0 -g3 -c -fmessage-length=0 -MT"src/HardestGame/config.o" -I../../hardest_game_bsp/microblaze_0/include -mlittle-endian -mcpu=v11.0 -mxl-soft-mul -Wl,--no-relax -ffunction-sections -fdata-sections -MMD -MP -MF"src/HardestGame/config.d" -MT"src/HardestGame/config.o" -o "src/HardestGame/config.o" "../src/HardestGame/config.c"
Finished building: ../src/HardestGame/config.c
 
Building file: ../src/main.c
Invoking: MicroBlaze gcc compiler
mb-gcc -Wall -O0 -g3 -c -fmessage-length=0 -MT"src/main.o" -I../../hardest_game_bsp/microblaze_0/include -mlittle-endian -mcpu=v11.0 -mxl-soft-mul -Wl,--no-relax -ffunction-sections -fdata-sections -MMD -MP -MF"src/main.d" -MT"src/main.o" -o "src/main.o" "../src/main.c"
Finished building: ../src/main.c
 
Building target: hardest_game.elf
Invoking: MicroBlaze gcc linker
mb-gcc -Wl,-T -Wl,../src/lscript.ld -L../../hardest_game_bsp/microblaze_0/lib -mlittle-endian -mcpu=v11.0 -mxl-soft-mul -Wl,--no-relax -Wl,--gc-sections -o "hardest_game.elf"  ./src/util/ublaze_util.o  ./src/screen/font.o ./src/screen/screen.o ./src/screen/screen_builders.o  ./src/game_view/game_view.o  ./src/drivers/keyboard.o ./src/drivers/vga.o  ./src/HardestGame/config.o ./src/HardestGame/entity.o ./src/HardestGame/game.o ./src/HardestGame/level.o ./src/HardestGame/map.o ./src/HardestGame/shape.o  ./src/main.o   -Wl,--start-group,-lxil,-lgcc,-lc,--end-group
Finished building target: hardest_game.elf
 
Invoking: MicroBlaze Print Size
mb-size hardest_game.elf  |tee "hardest_game.elf.size"
   text	   data	    bss	    dec	    hex	filename
  44492	   2172	  73848	 120512	  1d6c0	hardest_game.elf
Finished building: hardest_game.elf.size
 
23:22:15 **** Incremental Build of configuration Debug for project hardest_game ****
make all 
make: Nothing to be done for 'all'.
